// Jest Snapshot v1, https://goo.gl/fbAQLP

exports[`<Layout /> tests Should match with the component snapshot 1`] = `
<DocumentFragment>
  <section
    class="message"
  >
    <h1
      class="typography typography--bold typography--text message__brand"
    >
      Ping
    </h1>
    <p
      class="typography typography--regular typography--neutral message__content"
    >
      Lorem Ipsum
    </p>
    <p
      class="typography typography--regular typography--text message__subcontent"
    >
      Lorem ipsum
    </p>
  </section>
</DocumentFragment>
`;
