// Jest Snapshot v1, https://goo.gl/fbAQLP

exports[`<SubscribeForm /> tests Should match with the component snapshot 1`] = `
<DocumentFragment>
  <form
    class="subscribe-form"
  >
    <label
      class="subscribe-form__label"
      for="email"
    >
      Email Address
    </label>
    <input
      aria-describedby="error-email"
      class="subscribe-form__input"
      id="email"
      name="email"
      value=""
    />
    <button
      class="button subscribe-form__cta"
    >
      Notify Me
    </button>
  </form>
</DocumentFragment>
`;
